// Jest Snapshot v1, https://goo.gl/fbAQLP

exports[`should render ExpenseListItem with expense 1`] = `
<tr>
  <td>
    <Link
      to="/edit/1"
    >
      Gum
    </Link>
  </td>
  <td>
    $1.95
  </td>
  <td>
    Dec 31st 1969, 4:00:00 pm
  </td>
</tr>
`;
