// Jest Snapshot v1, https://goo.gl/fbAQLP

exports[`should render Header correctly 1`] = `
<header>
  <div>
    <NavLink
      activeClassName="is-active"
      exact={true}
      to="/"
    >
      <h1>
        Expensify
      </h1>
    </NavLink>
  </div>
  <div>
    <NavLink
      activeClassName="is-active"
      to="/create"
    >
      Create
    </NavLink>
  </div>
  <div>
    <NavLink
      activeClassName="is-active"
      to="/edit"
    >
      Edit
    </NavLink>
  </div>
  <div>
    <NavLink
      activeClassName="is-active"
      to="/help"
    >
      Help
    </NavLink>
  </div>
</header>
`;
