// Jest Snapshot v1, https://goo.gl/fbAQLP

exports[`should render NotFound correctly 1`] = `
<div>
  <h1>
    404 Page
  </h1>
</div>
`;
